C51 COMPILER V9.59.0.0   PROJECT                                                           01/17/2025 13:56:31 PAGE 1   


C51 COMPILER V9.59.0.0, COMPILATION OF MODULE PROJECT
OBJECT MODULE PLACED IN .\Objects\project.obj
COMPILER INVOKED BY: D:\Keil_v5\C51\BIN\C51.EXE User\project.c LARGE OMF2 OPTIMIZE(0,SPEED) BROWSE INCDIR(.\H;.\User;.\T
                    -KDriver\C) DEBUG PRINT(.\Listings\project.lst) OBJECT(.\Objects\project.obj)

line level    source

   1          #include "project.h"
   2          
   3          extern TagRingBuffer g_comunicate_rb;
   4          uint32_t  exKeyValueFlag;
   5          uint8_t Uart1_RxData[UART_RECV_TOTALLEN] = {0};   //接收数据数组
   6          bit ChangeFlag = 0;    
   7          bit BreatheLED = 0;   //呼吸灯标志位
   8          
   9          
  10          //接收数据 控制LED状态
  11          uint8_t handle_tft2mcu_data(uint8_t *buf) {
  12   1      
  13   1          if ((buf[4] & 0x0F) == 0x00) {
  14   2              PWMDTY1 = 0x00;  //全灭
  15   2                      BreatheLED = 0;
  16   2          } else if ((buf[4] & 0x0F) == 0x01) {
  17   2              PWMDTY1 = 0x64;  //全亮
  18   2                      BreatheLED = 0;
  19   2          } else if ((buf[4] & 0x0F) == 0x02) {
  20   2              BreatheLED = 1;   //呼吸灯标志位
  21   2          }  
  22   1              
  23   1          return 0;
  24   1      }
  25          //发送数据帧检验码处理
  26          u8 handle_mcu2tft_data(uint8_t *buf, int len)
  27          {
  28   1          u8 i, sum = 0;
  29   1      
  30   1          for (i = 1; i < len - 1 ; i++)
  31   1          {
  32   2              sum += buf[i];
  33   2          }
  34   1          return (0x100 - sum ); //返回校验值
  35   1               
  36   1      }
  37          //接收数据帧校验码处理
  38          u8 handle_tft2mcu_datacheck(uint8_t *buf, int len)
  39          {
  40   1          u8 i, sum = 0;
  41   1      
  42   1          for (i = 1; i < len - 1 ; i++)
  43   1          {
  44   2              sum += buf[i];
  45   2          }
  46   1          return ((0x200 - sum) & 0xFF); //返回校验值
  47   1               
  48   1      }
  49          
  50          uint8_t Uart1_TxData[UART_SEND_TOTALLEN] = {0xAA,0x88,0x07}; //要发送的数据帧
  51          uint8_t SwitchFlag = 0;                     //开关输出数据
  52          uint8_t RadarFlag = 0;                      //雷达输出数据
  53          uint8_t Radar_Ischeck_Flag = 0;
  54          //发送数据帧处理
C51 COMPILER V9.59.0.0   PROJECT                                                           01/17/2025 13:56:31 PAGE 2   

  55          void loop_write_comunicate_data(void)
  56          {
  57   1          Uart1_TxData[UART_SEND_BYTE0] = SEND_HANDER1;
  58   1              Uart1_TxData[UART_SEND_BYTE1] = SEND_HANDER2;
  59   1              Uart1_TxData[UART_SEND_BYTE2] = UART_SEND_TOTALLEN;
  60   1              Uart1_TxData[UART_SEND_BYTE3] =  ((Uart1_TxData[UART_SEND_BYTE3] &0xfe)| RadarFlag);
  61   1              Uart1_TxData[UART_SEND_BYTE4] =  ((Uart1_TxData[UART_SEND_BYTE4] &0xfe)| SwitchFlag);
  62   1              Uart1_TxData[UART_SEND_CHECK] =  handle_mcu2tft_data(Uart1_TxData,Uart1_TxData[UART_SEND_BYTE2]);
  63   1            
  64   1      }
  65          
  66          //接收数据帧处理
  67          void loop_recv_comunicate_data(uint8_t *com_data)
  68          {
  69   1          static uint8_t byte_index = 0;
  70   1          while (ringBuffer_pop(&g_comunicate_rb, com_data+byte_index))
  71   1          {           
  72   2              //com_data[byte_index] = ch;
  73   2              switch (byte_index){
  74   3              case 0:
  75   3                              if (com_data[byte_index] == RECV_HANDER1){                              
  76   4                      byte_index++;                           
  77   4                  }else{   
  78   4                                      byte_index = 0;
  79   4                              }
  80   3                  break;
  81   3                      case 1:
  82   3                              if (com_data[byte_index] == RECV_HANDER2){            
  83   4                      byte_index++;
  84   4                  }else{                              
  85   4                                      byte_index = 0;
  86   4                              }
  87   3                              break;
  88   3              case 2:
  89   3                              if (com_data[byte_index] == UART_RECV_TOTALLEN){             
  90   4                      byte_index++;                   
  91   4                  }else{    
  92   4                                      byte_index = 0;
  93   4                              }
  94   3                  break;
  95   3              default:
  96   3                  byte_index++;
  97   3                  if (byte_index >= com_data[UART_RECV_BYTE2] || byte_index > UART_RECV_TOTALLEN){                    
  98   4                     // handle_tft2mcu_data(com_data,byte_index); // 处理接收数据
  99   4                                      if(handle_tft2mcu_datacheck(com_data,com_data[UART_RECV_BYTE2]) == com_data[byte_index - 1]){
 100   5                                              handle_tft2mcu_data(com_data);  //处理数据
 101   5                                      }
 102   4                      byte_index = 0;
 103   4                  }
 104   3                  break;
 105   3              }
 106   2          }
 107   1      }
 108          
 109          //雷达检测
 110          void Radar_work(void)
 111          {
 112   1                      Radar_Ischeck_Flag = Radar_Ischeck();
 113   1                      if( Radar_Ischeck_Flag)
 114   1                      {
 115   2                              RadarFlag = 0x01;
 116   2                      }
C51 COMPILER V9.59.0.0   PROJECT                                                           01/17/2025 13:56:31 PAGE 3   

 117   1                      else
 118   1                              RadarFlag = 0x00;
 119   1      }
 120          
 121          void project(void)
 122          {        
 123   1                  
 124   1                   if(SOCAPI_TouchKeyStatus & 0x80)
 125   1              {
 126   2                  SOCAPI_TouchKeyStatus &= 0x7f;
 127   2                  exKeyValueFlag = TouchKeyScan();
 128   2                              if(exKeyValueFlag & (1L << 0))
 129   2                  {            
 130   3                                      ChangeFlag = 1;
 131   3                  }
 132   2                              else
 133   2                              {
 134   3                                      if(ChangeFlag == 1)
 135   3                                 {
 136   4                                              ChangeFlag = 0;
 137   4                                              SwitchFlag = (SwitchFlag == 0x01) ? 0x00 : 0x01;
 138   4                                 }
 139   3      
 140   3                              }
 141   2                              loop_write_comunicate_data();         //写入数据
 142   2                              loop_recv_comunicate_data(Uart1_RxData); //接收数据
 143   2                              Radar_work();                         //雷达检测
 144   2                              if(is_200ms_tick(1))
 145   2                              {
 146   3                                      UART_Sendstring(Uart1_TxData);   //发送数据
 147   3                              }
 148   2                              //呼吸灯                
 149   2                              if(BreatheLED)
 150   2                                      PWMDTY1_Set();
 151   2                  TouchKeyRestart();          
 152   2                              
 153   2              }
 154   1      }


MODULE INFORMATION:   STATIC OVERLAYABLE
   CODE SIZE        =   1042    ----
   CONSTANT SIZE    =   ----    ----
   XDATA SIZE       =     42    ----
   PDATA SIZE       =   ----    ----
   DATA SIZE        =   ----    ----
   IDATA SIZE       =   ----    ----
   BIT SIZE         =      2    ----
   EDATA SIZE       =   ----    ----
   HDATA SIZE       =   ----    ----
   XDATA CONST SIZE =   ----    ----
   FAR CONST SIZE   =   ----    ----
END OF MODULE INFORMATION.


C51 COMPILATION COMPLETE.  0 WARNING(S),  0 ERROR(S)
